2026-08-23T02:05:29.292180Z [warning  ] Could not import graphviz. Rendering graph to the graphical format will not be possible. 
You might need to install the graphviz package and necessary system packages.
Run `pip install graphviz` to attempt to install it. [py.warnings] category=UserWarning filename=/home/bruno/.local/share/uv/tools/apache-airflow/lib/python3.12/site-packages/airflow/cli/commands/dag_command.py lineno=57
2026-08-23T02:05:29.499553Z [info     ] setup plugin alembic.autogenerate.schemas [alembic.runtime.plugins] loc=plugins.py:37
2026-08-23T02:05:29.499697Z [info     ] setup plugin alembic.autogenerate.tables [alembic.runtime.plugins] loc=plugins.py:37
2026-08-23T02:05:29.499785Z [info     ] setup plugin alembic.autogenerate.types [alembic.runtime.plugins] loc=plugins.py:37
2026-08-23T02:05:29.499867Z [info     ] setup plugin alembic.autogenerate.constraints [alembic.runtime.plugins] loc=plugins.py:37
2026-08-23T02:05:29.499945Z [info     ] setup plugin alembic.autogenerate.defaults [alembic.runtime.plugins] loc=plugins.py:37
2026-08-23T02:05:29.500032Z [info     ] setup plugin alembic.autogenerate.comments [alembic.runtime.plugins] loc=plugins.py:37
2026-08-23T02:05:29.500135Z [info     ] setup plugin alembic.autogenerate.checkconstraint_byname [alembic.runtime.plugins] loc=plugins.py:37
2026-08-23T02:05:29.535295Z [info     ] DAG bundles loaded: dags-folder, example_dags, apache-airflow-providers-common-sql-example-dags, apache-airflow-providers-standard-example-dags [airflow.dag_processing.bundles.manager.DagBundlesManager] loc=manager.py:271
2026-08-23T02:05:29.539997Z [info     ] Filling up the DagBag from /home/bruno/projetos/albus-hub/dags/albus_hub_data_protection.py [airflow.dag_processing.dagbag.BundleDagBag] loc=dagbag.py:460
2026-08-23T02:05:29.574309Z [info     ] Bulk-writing dags to db        [airflow.serialization.definitions.dag] count=1 loc=dag.py:210
2026-08-23T02:05:29.582948Z [info     ] Getting latest run for non-partitioned Dag [airflow.dag_processing.collection] dag_id=albus_hub_data_protection loc=collection.py:200
2026-08-23T02:05:29.586384Z [info     ] no latest run found            [airflow.dag_processing.collection] dag_id=albus_hub_data_protection loc=collection.py:210
2026-08-23T02:05:29.592728Z [info     ] get next_dagrun_info_v2        [airflow.serialization.definitions.dag] last_automated_run_info=None loc=dag.py:445 next_info=DagRunInfo(run_after=DateTime(2026, 8, 22, 6, 0, 0, tzinfo=Timezone('UTC')), data_interval=DataInterval(start=DateTime(2026, 8, 22, 6, 0, 0, tzinfo=Timezone('UTC')), end=DateTime(2026, 8, 22, 6, 0, 0, tzinfo=Timezone('UTC'))), partition_date=None, partition_key=None)
2026-08-23T02:05:29.592889Z [info     ] setting next dagrun info       [airflow.models.dag] loc=dag.py:848 next_dagrun='2026-08-22 06:00:00+00:00' next_dagrun_create_after='2026-08-22 06:00:00+00:00' next_dagrun_data_interval_end='2026-08-22 06:00:00+00:00' next_dagrun_data_interval_start='2026-08-22 06:00:00+00:00' next_dagrun_partition_date=None next_dagrun_partition_key=None
2026-08-23T02:05:29.634818Z [info     ] DAG bundles loaded: dags-folder, example_dags, apache-airflow-providers-common-sql-example-dags, apache-airflow-providers-standard-example-dags [airflow.dag_processing.bundles.manager.DagBundlesManager] loc=manager.py:271
2026-08-23T02:05:29.637674Z [info     ] Filling up the DagBag from /home/bruno/projetos/albus-hub/dags [airflow.dag_processing.dagbag.BundleDagBag] loc=dagbag.py:460
2026-08-23T02:05:29.650648Z [info     ] Bulk-writing dags to db        [airflow.serialization.definitions.dag] count=3 loc=dag.py:210
2026-08-23T02:05:29.653567Z [info     ] Getting latest run for non-partitioned Dag [airflow.dag_processing.collection] dag_id=albus_hub_data_protection loc=collection.py:200
2026-08-23T02:05:29.654217Z [info     ] no latest run found            [airflow.dag_processing.collection] dag_id=albus_hub_data_protection loc=collection.py:210
2026-08-23T02:05:29.657556Z [info     ] get next_dagrun_info_v2        [airflow.serialization.definitions.dag] last_automated_run_info=None loc=dag.py:445 next_info=DagRunInfo(run_after=DateTime(2026, 8, 22, 6, 0, 0, tzinfo=Timezone('UTC')), data_interval=DataInterval(start=DateTime(2026, 8, 22, 6, 0, 0, tzinfo=Timezone('UTC')), end=DateTime(2026, 8, 22, 6, 0, 0, tzinfo=Timezone('UTC'))), partition_date=None, partition_key=None)
2026-08-23T02:05:29.657703Z [info     ] setting next dagrun info       [airflow.models.dag] loc=dag.py:848 next_dagrun='2026-08-22 06:00:00+00:00' next_dagrun_create_after='2026-08-22 06:00:00+00:00' next_dagrun_data_interval_end='2026-08-22 06:00:00+00:00' next_dagrun_data_interval_start='2026-08-22 06:00:00+00:00' next_dagrun_partition_date=None next_dagrun_partition_key=None
2026-08-23T02:05:29.658721Z [info     ] Getting latest run for non-partitioned Dag [airflow.dag_processing.collection] dag_id=albus_hub_ml_inference loc=collection.py:200
2026-08-23T02:05:29.659219Z [info     ] no latest run found            [airflow.dag_processing.collection] dag_id=albus_hub_ml_inference loc=collection.py:210
2026-08-23T02:05:29.662173Z [info     ] get next_dagrun_info_v2        [airflow.serialization.definitions.dag] last_automated_run_info=None loc=dag.py:445 next_info=DagRunInfo(run_after=DateTime(2026, 8, 22, 9, 0, 0, tzinfo=Timezone('UTC')), data_interval=DataInterval(start=DateTime(2026, 8, 22, 9, 0, 0, tzinfo=Timezone('UTC')), end=DateTime(2026, 8, 22, 9, 0, 0, tzinfo=Timezone('UTC'))), partition_date=None, partition_key=None)
2026-08-23T02:05:29.662271Z [info     ] setting next dagrun info       [airflow.models.dag] loc=dag.py:848 next_dagrun='2026-08-22 09:00:00+00:00' next_dagrun_create_after='2026-08-22 09:00:00+00:00' next_dagrun_data_interval_end='2026-08-22 09:00:00+00:00' next_dagrun_data_interval_start='2026-08-22 09:00:00+00:00' next_dagrun_partition_date=None next_dagrun_partition_key=None
2026-08-23T02:05:29.663211Z [info     ] Getting latest run for non-partitioned Dag [airflow.dag_processing.collection] dag_id=albus_hub_ml_training loc=collection.py:200
2026-08-23T02:05:29.663709Z [info     ] no latest run found            [airflow.dag_processing.collection] dag_id=albus_hub_ml_training loc=collection.py:210
2026-08-23T02:05:29.667101Z [info     ] get next_dagrun_info_v2        [airflow.serialization.definitions.dag] last_automated_run_info=None loc=dag.py:445 next_info=DagRunInfo(run_after=DateTime(2026, 8, 1, 8, 0, 0, tzinfo=Timezone('UTC')), data_interval=DataInterval(start=DateTime(2026, 8, 1, 8, 0, 0, tzinfo=Timezone('UTC')), end=DateTime(2026, 8, 1, 8, 0, 0, tzinfo=Timezone('UTC'))), partition_date=None, partition_key=None)
2026-08-23T02:05:29.667233Z [info     ] setting next dagrun info       [airflow.models.dag] loc=dag.py:848 next_dagrun='2026-08-01 08:00:00+00:00' next_dagrun_create_after='2026-08-01 08:00:00+00:00' next_dagrun_data_interval_end='2026-08-01 08:00:00+00:00' next_dagrun_data_interval_start='2026-08-01 08:00:00+00:00' next_dagrun_partition_date=None next_dagrun_partition_key=None
2026-08-23T02:05:29.685201Z [info     ] creating dag run               [airflow.serialization.definitions.dag] loc=dag.py:607 logical_date=DateTime(2026, 8, 23, 2, 10, 0, tzinfo=FixedTimezone(0, name="+00:00")) partition_key=None run_after=DateTime(2026, 8, 23, 2, 5, 29, 634216, tzinfo=Timezone('UTC')) run_id=manual__2026-08-23T02:05:29.634216+00:00
2026-08-23T02:05:29.725033Z [info     ] Created dag run.               [airflow.models.dagrun] dagrun=<DagRun albus_hub_data_protection @ 2026-08-23 02:10:00+00:00: manual__2026-08-23T02:05:29.634216+00:00, state:running, queued_at: None. run_type: manual> loc=dagrun.py:2446
2026-08-23T02:05:29.740073Z [info     ] [DAG TEST] starting task_id=extract_transform_locaweb map_index=-1 [airflow.sdk.definitions.dag] loc=dag.py:1501
2026-08-23T02:05:29.740337Z [info     ] [DAG TEST] running task <TaskInstance: albus_hub_data_protection.extract_transform_locaweb manual__2026-08-23T02:05:29.634216+00:00 [TaskInstanceState.SCHEDULED] ti_id=01a02c5d-a4e7-7fa0-bbe0-e008a92c2e90> [airflow.sdk.definitions.dag] loc=dag.py:1504
2026-08-23T02:05:35.667864Z [info     ] Task started                   [airflow.api_fastapi.execution_api.routes.task_instances] correlation_id=01a02c5d-a795-742d-9f45-a111ee333c49 hostname=DESKTOP-GF7Q600.localdomain loc=task_instances.py:231 previous_state=queued ti_id=01a02c5d-a4e7-7fa0-bbe0-e008a92c2e90
2026-08-23T02:05:35.669649Z [info     ] Task instance state updated    [airflow.api_fastapi.execution_api.routes.task_instances] correlation_id=01a02c5d-a795-742d-9f45-a111ee333c49 loc=task_instances.py:259 rows_affected=1 ti_id=01a02c5d-a4e7-7fa0-bbe0-e008a92c2e90
2026-08-23T02:05:35.689984Z [info     ] Updating RenderedTaskInstanceFields [airflow.api_fastapi.execution_api.routes.task_instances] correlation_id=01a02c5d-bc46-737b-b185-7b4eb327e1c5 field_count=3 loc=task_instances.py:1005 ti_id=01a02c5d-a4e7-7fa0-bbe0-e008a92c2e90
Task instance is in running state
 Previous state of the Task instance: TaskInstanceState.QUEUED
Current task name:extract_transform_locaweb
Dag name:albus_hub_data_protection
2026-08-23T02:05:35.703194Z [info     ] ::endgroup::                   [task] loc=task_runner.py:2107
2026-08-23T02:05:49.832308Z [info     ] Done. Returned value was: {'generated_at_utc': '2026-08-23T02:05:49.514519+00:00', 'quality_status': 'passed_with_warnings', 'row_count': 122543, 'opened_at_min': '2023-01-02T20:19:58', 'opened_at_max': '2025-12-31T23:45:18', 'blocking_checks': {'mandatory_nulls': 0, 'duplicate_incident_ids': 0, 'invalid_incident_ids': 0, 'closed_before_opened': 0, 'negative_duration': 0}, 'warning_checks': {'resolved_after_closed': 32, 'duration_mismatch': 475, 'subcategory_without_category': 2, 'entered_kpi_rule_mismatch': 151, 'kpi_breached_rule_mismatch': 3550}, 'null_percentage': {'incident_id': 0.0, 'priority_raw': 0.0, 'product': 63.598, 'category': 63.423, 'subcategory': 63.423, 'assigned_group': 0.0, 'configuration_item': 1.453, 'opened_at': 0.0, 'resolved_at': 67.162, 'closed_at': 0.0, 'duration_seconds': 0.0, 'closure_code': 66.702, 'short_description': 0.0, 'solution_type': 87.515, 'opened_by': 0.0, 'parent_incident_id': 87.656, 'status': 0.0, 'entered_kpi_raw': 0.0, 'kpi_breached_raw': 0.0}, 'priority_distribution': {'4 - Baixa': 64828, '3 - Média': 41732, '2 - Alta': 15649, '5 - Muito Baixa': 333, '1 - Crítica': 1}, 'status_distribution': {'Sem Intervenção': 80373, 'Encerrado Automaticamente': 26830, 'Encerrado': 15339, 'Aguardando Problema': 1}, 'entered_kpi_distribution': {'NAO': 96943, 'SIM': 25600}, 'kpi_breached_distribution': {'N/A': 96943, 'NAO': 25352, 'SIM': 248}, 'monthly_volume': {'2023-01': 12, '2023-02': 7, '2023-03': 8, '2023-04': 6, '2023-05': 7, '2023-06': 2, '2023-07': 6, '2023-08': 6, '2023-09': 14, '2023-10': 21, '2023-11': 13, '2023-12': 8, '2024-01': 7, '2024-02': 12, '2024-03': 32, '2024-04': 26, '2024-05': 16, '2024-06': 16, '2024-07': 44, '2024-08': 39, '2024-09': 34, '2024-10': 50, '2024-11': 75, '2024-12': 271, '2025-01': 3714, '2025-02': 3553, '2025-03': 3588, '2025-04': 3202, '2025-05': 3329, '2025-06': 3558, '2025-07': 3448, '2025-08': 3996, '2025-09': 21561, '2025-10': 23017, '2025-11': 21524, '2025-12': 27321}} [airflow.task.operators.airflow.providers.standard.decorators.python._PythonDecoratedOperator] loc=python.py:233
2026-08-23T02:05:49.832766Z [info     ] ::group::Post Execute          [task] loc=task_runner.py:1577
2026-08-23T02:05:49.833058Z [info     ] Pushing xcom                   [task] loc=task_runner.py:2171 ti=RuntimeTaskInstance(id=UUID('01a02c5d-a4e7-7fa0-bbe0-e008a92c2e90'), task_id='extract_transform_locaweb', dag_id='albus_hub_data_protection', run_id='manual__2026-08-23T02:05:29.634216+00:00', try_number=1, dag_version_id=UUID('01a00b3f-4876-7429-8bbb-3bfe2664838d'), map_index=-1, hostname='DESKTOP-GF7Q600.localdomain', context_carrier=None, queue='default', task=<Task(_PythonDecoratedOperator): extract_transform_locaweb>, max_tries=1, start_date=datetime.datetime(2026, 8, 23, 2, 5, 30, 388591, tzinfo=datetime.timezone.utc), end_date=None, state=<TaskInstanceState.RUNNING: 'running'>, is_mapped=False, rendered_map_index=None, sentry_integration='')
2026-08-23T02:05:50.229230Z [info     ] Task instance state updated    [airflow.api_fastapi.execution_api.routes.task_instances] correlation_id=01a02c5d-f509-7b05-a131-120d6fb95ae4 loc=task_instances.py:484 new_state=success rows_affected=1 ti_id=01a02c5d-a4e7-7fa0-bbe0-e008a92c2e90
Task instance in success state
 Previous state of the Task instance: TaskInstanceState.RUNNING
Task operator:<Task(_PythonDecoratedOperator): extract_transform_locaweb>
2026-08-23T02:05:50.234747Z [info     ] ::endgroup::                   [task] loc=task_runner.py:2270
2026-08-23T02:05:50.243413Z [info     ] [DAG TEST] end task task_id=extract_transform_locaweb map_index=-1 [airflow.sdk.definitions.dag] loc=dag.py:1563
2026-08-23T02:05:50.251308Z [info     ] [DAG TEST] starting task_id=validate_silver map_index=-1 [airflow.sdk.definitions.dag] loc=dag.py:1501
2026-08-23T02:05:50.251570Z [info     ] [DAG TEST] running task <TaskInstance: albus_hub_data_protection.validate_silver manual__2026-08-23T02:05:29.634216+00:00 [TaskInstanceState.SCHEDULED] ti_id=01a02c5d-a4e8-745f-90e8-fe1a99e5e44d> [airflow.sdk.definitions.dag] loc=dag.py:1504
2026-08-23T02:05:50.262557Z [info     ] Task started                   [airflow.api_fastapi.execution_api.routes.task_instances] correlation_id=01a02c5d-f52f-7f8a-8139-f13eeb35c9d8 hostname=DESKTOP-GF7Q600.localdomain loc=task_instances.py:231 previous_state=queued ti_id=01a02c5d-a4e8-745f-90e8-fe1a99e5e44d
2026-08-23T02:05:50.263310Z [info     ] Task instance state updated    [airflow.api_fastapi.execution_api.routes.task_instances] correlation_id=01a02c5d-f52f-7f8a-8139-f13eeb35c9d8 loc=task_instances.py:259 rows_affected=1 ti_id=01a02c5d-a4e8-745f-90e8-fe1a99e5e44d
2026-08-23T02:05:50.288092Z [info     ] Updating RenderedTaskInstanceFields [airflow.api_fastapi.execution_api.routes.task_instances] correlation_id=01a02c5d-f54c-7573-ae37-342a46e960d0 field_count=3 loc=task_instances.py:1005 ti_id=01a02c5d-a4e8-745f-90e8-fe1a99e5e44d
Task instance is in running state
 Previous state of the Task instance: TaskInstanceState.QUEUED
Current task name:validate_silver
Dag name:albus_hub_data_protection
2026-08-23T02:05:50.295763Z [info     ] ::endgroup::                   [task] loc=task_runner.py:2107
2026-08-23T02:05:50.296100Z [info     ] Done. Returned value was: {'validation': 'passed', 'quality_status': 'passed_with_warnings'} [airflow.task.operators.airflow.providers.standard.decorators.python._PythonDecoratedOperator] loc=python.py:233
2026-08-23T02:05:50.296174Z [info     ] ::group::Post Execute          [task] loc=task_runner.py:1577
2026-08-23T02:05:50.296264Z [info     ] Pushing xcom                   [task] loc=task_runner.py:2171 ti=RuntimeTaskInstance(id=UUID('01a02c5d-a4e8-745f-90e8-fe1a99e5e44d'), task_id='validate_silver', dag_id='albus_hub_data_protection', run_id='manual__2026-08-23T02:05:29.634216+00:00', try_number=1, dag_version_id=UUID('01a00b3f-4876-7429-8bbb-3bfe2664838d'), map_index=-1, hostname='DESKTOP-GF7Q600.localdomain', context_carrier=None, queue='default', task=<Task(_PythonDecoratedOperator): validate_silver>, max_tries=0, start_date=datetime.datetime(2026, 8, 23, 2, 5, 50, 255654, tzinfo=datetime.timezone.utc), end_date=None, state=<TaskInstanceState.RUNNING: 'running'>, is_mapped=False, rendered_map_index=None, sentry_integration='')
2026-08-23T02:05:50.328775Z [info     ] Task instance state updated    [airflow.api_fastapi.execution_api.routes.task_instances] correlation_id=01a02c5d-f573-7458-8558-793546483b6e loc=task_instances.py:484 new_state=success rows_affected=1 ti_id=01a02c5d-a4e8-745f-90e8-fe1a99e5e44d
Task instance in success state
 Previous state of the Task instance: TaskInstanceState.RUNNING
Task operator:<Task(_PythonDecoratedOperator): validate_silver>
2026-08-23T02:05:50.333810Z [info     ] ::endgroup::                   [task] loc=task_runner.py:2270
2026-08-23T02:05:50.338865Z [info     ] [DAG TEST] end task task_id=validate_silver map_index=-1 [airflow.sdk.definitions.dag] loc=dag.py:1563
2026-08-23T02:05:50.346584Z [info     ] [DAG TEST] starting task_id=load_daily_volume_gold map_index=-1 [airflow.sdk.definitions.dag] loc=dag.py:1501
2026-08-23T02:05:50.346674Z [info     ] [DAG TEST] running task <TaskInstance: albus_hub_data_protection.load_daily_volume_gold manual__2026-08-23T02:05:29.634216+00:00 [TaskInstanceState.SCHEDULED] ti_id=01a02c5d-a4e9-7f2b-91b4-ec3f46ddd1cb> [airflow.sdk.definitions.dag] loc=dag.py:1504
2026-08-23T02:05:50.355922Z [info     ] Task started                   [airflow.api_fastapi.execution_api.routes.task_instances] correlation_id=01a02c5d-f58e-7968-8d22-132eb3a474f9 hostname=DESKTOP-GF7Q600.localdomain loc=task_instances.py:231 previous_state=queued ti_id=01a02c5d-a4e9-7f2b-91b4-ec3f46ddd1cb
2026-08-23T02:05:50.356579Z [info     ] Task instance state updated    [airflow.api_fastapi.execution_api.routes.task_instances] correlation_id=01a02c5d-f58e-7968-8d22-132eb3a474f9 loc=task_instances.py:259 rows_affected=1 ti_id=01a02c5d-a4e9-7f2b-91b4-ec3f46ddd1cb
2026-08-23T02:05:50.374358Z [info     ] Updating RenderedTaskInstanceFields [airflow.api_fastapi.execution_api.routes.task_instances] correlation_id=01a02c5d-f5a2-7495-9be6-3b42d51d8b20 field_count=3 loc=task_instances.py:1005 ti_id=01a02c5d-a4e9-7f2b-91b4-ec3f46ddd1cb
Task instance is in running state
 Previous state of the Task instance: TaskInstanceState.QUEUED
Current task name:load_daily_volume_gold
Dag name:albus_hub_data_protection
2026-08-23T02:05:50.381036Z [info     ] ::endgroup::                   [task] loc=task_runner.py:2107
2026-08-23T02:05:51.137313Z [info     ] Done. Returned value was: {'generated_at_utc': '2026-08-23T02:05:51.050070+00:00', 'quality_status': 'passed', 'silver_rows_with_valid_opened_at': 122543, 'daily_volume_rows': 3285, 'daily_breakdown_rows': 130449, 'reference_date_min': '2023-01-02T00:00:00', 'reference_date_max': '2025-12-31T00:00:00', 'checks': {'daily_duplicate_keys': 0, 'breakdown_duplicate_keys': 0, 'daily_null_values': 0, 'breakdown_null_values': 0, 'negative_counts': 0, 'reconciliation_failed': 0}, 'reconciliation': {'ALL': {'source_count': 122543, 'gold_count': 122543, 'matches': True}, 'P2': {'source_count': 15649, 'gold_count': 15649, 'matches': True}, 'P3': {'source_count': 41732, 'gold_count': 41732, 'matches': True}}} [airflow.task.operators.airflow.providers.standard.decorators.python._PythonDecoratedOperator] loc=python.py:233
2026-08-23T02:05:51.137484Z [info     ] ::group::Post Execute          [task] loc=task_runner.py:1577
2026-08-23T02:05:51.137633Z [info     ] Pushing xcom                   [task] loc=task_runner.py:2171 ti=RuntimeTaskInstance(id=UUID('01a02c5d-a4e9-7f2b-91b4-ec3f46ddd1cb'), task_id='load_daily_volume_gold', dag_id='albus_hub_data_protection', run_id='manual__2026-08-23T02:05:29.634216+00:00', try_number=1, dag_version_id=UUID('01a00b3f-4876-7429-8bbb-3bfe2664838d'), map_index=-1, hostname='DESKTOP-GF7Q600.localdomain', context_carrier=None, queue='default', task=<Task(_PythonDecoratedOperator): load_daily_volume_gold>, max_tries=1, start_date=datetime.datetime(2026, 8, 23, 2, 5, 50, 350177, tzinfo=datetime.timezone.utc), end_date=None, state=<TaskInstanceState.RUNNING: 'running'>, is_mapped=False, rendered_map_index=None, sentry_integration='')
2026-08-23T02:05:51.240957Z [info     ] Task instance state updated    [airflow.api_fastapi.execution_api.routes.task_instances] correlation_id=01a02c5d-f903-74f8-a3f7-81cc880508da loc=task_instances.py:484 new_state=success rows_affected=1 ti_id=01a02c5d-a4e9-7f2b-91b4-ec3f46ddd1cb
Task instance in success state
 Previous state of the Task instance: TaskInstanceState.RUNNING
Task operator:<Task(_PythonDecoratedOperator): load_daily_volume_gold>
2026-08-23T02:05:51.245516Z [info     ] ::endgroup::                   [task] loc=task_runner.py:2270
2026-08-23T02:05:51.250112Z [info     ] [DAG TEST] end task task_id=load_daily_volume_gold map_index=-1 [airflow.sdk.definitions.dag] loc=dag.py:1563
2026-08-23T02:05:51.257008Z [info     ] [DAG TEST] starting task_id=validate_gold map_index=-1 [airflow.sdk.definitions.dag] loc=dag.py:1501
2026-08-23T02:05:51.257100Z [info     ] [DAG TEST] running task <TaskInstance: albus_hub_data_protection.validate_gold manual__2026-08-23T02:05:29.634216+00:00 [TaskInstanceState.SCHEDULED] ti_id=01a02c5d-a4ea-7725-9ea4-03b6e2871a9d> [airflow.sdk.definitions.dag] loc=dag.py:1504
2026-08-23T02:05:51.265799Z [info     ] Task started                   [airflow.api_fastapi.execution_api.routes.task_instances] correlation_id=01a02c5d-f91c-797a-a66b-0c0591260d76 hostname=DESKTOP-GF7Q600.localdomain loc=task_instances.py:231 previous_state=queued ti_id=01a02c5d-a4ea-7725-9ea4-03b6e2871a9d
2026-08-23T02:05:51.266484Z [info     ] Task instance state updated    [airflow.api_fastapi.execution_api.routes.task_instances] correlation_id=01a02c5d-f91c-797a-a66b-0c0591260d76 loc=task_instances.py:259 rows_affected=1 ti_id=01a02c5d-a4ea-7725-9ea4-03b6e2871a9d
2026-08-23T02:05:51.283406Z [info     ] Updating RenderedTaskInstanceFields [airflow.api_fastapi.execution_api.routes.task_instances] correlation_id=01a02c5d-f92f-7964-a29b-032b0a9b7e42 field_count=3 loc=task_instances.py:1005 ti_id=01a02c5d-a4ea-7725-9ea4-03b6e2871a9d
Task instance is in running state
 Previous state of the Task instance: TaskInstanceState.QUEUED
Current task name:validate_gold
Dag name:albus_hub_data_protection
2026-08-23T02:05:51.289626Z [info     ] ::endgroup::                   [task] loc=task_runner.py:2107
2026-08-23T02:05:51.289900Z [info     ] Done. Returned value was: {'validation': 'passed', 'gold_report_received': True} [airflow.task.operators.airflow.providers.standard.decorators.python._PythonDecoratedOperator] loc=python.py:233
2026-08-23T02:05:51.289986Z [info     ] ::group::Post Execute          [task] loc=task_runner.py:1577
2026-08-23T02:05:51.290088Z [info     ] Pushing xcom                   [task] loc=task_runner.py:2171 ti=RuntimeTaskInstance(id=UUID('01a02c5d-a4ea-7725-9ea4-03b6e2871a9d'), task_id='validate_gold', dag_id='albus_hub_data_protection', run_id='manual__2026-08-23T02:05:29.634216+00:00', try_number=1, dag_version_id=UUID('01a00b3f-4876-7429-8bbb-3bfe2664838d'), map_index=-1, hostname='DESKTOP-GF7Q600.localdomain', context_carrier=None, queue='default', task=<Task(_PythonDecoratedOperator): validate_gold>, max_tries=0, start_date=datetime.datetime(2026, 8, 23, 2, 5, 51, 260025, tzinfo=datetime.timezone.utc), end_date=None, state=<TaskInstanceState.RUNNING: 'running'>, is_mapped=False, rendered_map_index=None, sentry_integration='')
2026-08-23T02:05:51.321276Z [info     ] Task instance state updated    [airflow.api_fastapi.execution_api.routes.task_instances] correlation_id=01a02c5d-f953-746b-bee5-f1550522d86f loc=task_instances.py:484 new_state=success rows_affected=1 ti_id=01a02c5d-a4ea-7725-9ea4-03b6e2871a9d
Task instance in success state
 Previous state of the Task instance: TaskInstanceState.RUNNING
Task operator:<Task(_PythonDecoratedOperator): validate_gold>
2026-08-23T02:05:51.325650Z [info     ] ::endgroup::                   [task] loc=task_runner.py:2270
2026-08-23T02:05:51.330341Z [info     ] [DAG TEST] end task task_id=validate_gold map_index=-1 [airflow.sdk.definitions.dag] loc=dag.py:1563
2026-08-23T02:05:51.337137Z [info     ] [DAG TEST] starting task_id=backup_data map_index=-1 [airflow.sdk.definitions.dag] loc=dag.py:1501
2026-08-23T02:05:51.337230Z [info     ] [DAG TEST] running task <TaskInstance: albus_hub_data_protection.backup_data manual__2026-08-23T02:05:29.634216+00:00 [TaskInstanceState.SCHEDULED] ti_id=01a02c5d-a4f0-7e49-997f-24d74e2d2c8b> [airflow.sdk.definitions.dag] loc=dag.py:1504
2026-08-23T02:05:51.345709Z [info     ] Task started                   [airflow.api_fastapi.execution_api.routes.task_instances] correlation_id=01a02c5d-f96c-7e8a-b08a-958c52235a7f hostname=DESKTOP-GF7Q600.localdomain loc=task_instances.py:231 previous_state=queued ti_id=01a02c5d-a4f0-7e49-997f-24d74e2d2c8b
2026-08-23T02:05:51.346274Z [info     ] Task instance state updated    [airflow.api_fastapi.execution_api.routes.task_instances] correlation_id=01a02c5d-f96c-7e8a-b08a-958c52235a7f loc=task_instances.py:259 rows_affected=1 ti_id=01a02c5d-a4f0-7e49-997f-24d74e2d2c8b
2026-08-23T02:05:51.363029Z [info     ] Updating RenderedTaskInstanceFields [airflow.api_fastapi.execution_api.routes.task_instances] correlation_id=01a02c5d-f97f-74bc-8d8f-8ae6c26297fa field_count=3 loc=task_instances.py:1005 ti_id=01a02c5d-a4f0-7e49-997f-24d74e2d2c8b
Task instance is in running state
 Previous state of the Task instance: TaskInstanceState.QUEUED
Current task name:backup_data
Dag name:albus_hub_data_protection
2026-08-23T02:05:51.369022Z [info     ] ::endgroup::                   [task] loc=task_runner.py:2107
2026-08-23T02:08:11.117429Z [info     ] Done. Returned value was: {'status': 'success', 'backup_id': '20260823T020551641420Z', 'backup_type': 'incremental', 'created_at': '2026-08-23T02:05:51.641420+00:00', 'retention_days': 30, 'full_interval_days': 7, 'file_count': 4, 'total_bytes': 11801468, 'deleted_files': [], 'missing_sources': [], 'retention_removed': [], 'files': [{'archive_path': 'bronze/locaweb_incidents.parquet', 'source_name': 'bronze', 'relative_path': 'locaweb_incidents.parquet', 'size_bytes': 5432986, 'sha256': 'c8b4eab6a75e497c300d93d9b9744da7e1092663674ac364be7c4d150d789ad5'}, {'archive_path': 'quality/locaweb_daily_volume_report.json', 'source_name': 'quality', 'relative_path': 'locaweb_daily_volume_report.json', 'size_bytes': 815, 'sha256': '3216e0c6b06ed30a857ae419873c52d4933b1a37bc0e918ca0baec4b8d3442f9'}, {'archive_path': 'quality/locaweb_quality_report.json', 'source_name': 'quality', 'relative_path': 'locaweb_quality_report.json', 'size_bytes': 2326, 'sha256': 'd838746efbcdd918a2afb6d4d7ace205acdebd9d7202665749144d76db06bcd4'}, {'archive_path': 'silver/locaweb_incidents.parquet', 'source_name': 'silver', 'relative_path': 'locaweb_incidents.parquet', 'size_bytes': 6365341, 'sha256': 'bd4277ae0e95611b36ad60e2472f332194fd45e032ea336d3ff7d9588db758b7'}], 'cloud_backup': {'status': 'success', 'file_system': 'backup', 'remote_prefix': 'albus-hub/dev', 'uploaded_files': 39, 'uploaded_bytes': 83087883}} [airflow.task.operators.airflow.providers.standard.decorators.python._PythonDecoratedOperator] loc=python.py:233
2026-08-23T02:08:11.117606Z [info     ] ::group::Post Execute          [task] loc=task_runner.py:1577
2026-08-23T02:08:11.117738Z [info     ] Pushing xcom                   [task] loc=task_runner.py:2171 ti=RuntimeTaskInstance(id=UUID('01a02c5d-a4f0-7e49-997f-24d74e2d2c8b'), task_id='backup_data', dag_id='albus_hub_data_protection', run_id='manual__2026-08-23T02:05:29.634216+00:00', try_number=1, dag_version_id=UUID('01a00b3f-4876-7429-8bbb-3bfe2664838d'), map_index=-1, hostname='DESKTOP-GF7Q600.localdomain', context_carrier=None, queue='default', task=<Task(_PythonDecoratedOperator): backup_data>, max_tries=1, start_date=datetime.datetime(2026, 8, 23, 2, 5, 51, 340157, tzinfo=datetime.timezone.utc), end_date=None, state=<TaskInstanceState.RUNNING: 'running'>, is_mapped=False, rendered_map_index=None, sentry_integration='')
2026-08-23T02:08:11.252136Z [info     ] Task instance state updated    [airflow.api_fastapi.execution_api.routes.task_instances] correlation_id=01a02c60-1bee-763b-8cbd-bf4e8bc4b51d loc=task_instances.py:484 new_state=success rows_affected=1 ti_id=01a02c5d-a4f0-7e49-997f-24d74e2d2c8b
Task instance in success state
 Previous state of the Task instance: TaskInstanceState.RUNNING
Task operator:<Task(_PythonDecoratedOperator): backup_data>
2026-08-23T02:08:11.256932Z [info     ] ::endgroup::                   [task] loc=task_runner.py:2270
2026-08-23T02:08:11.261904Z [info     ] [DAG TEST] end task task_id=backup_data map_index=-1 [airflow.sdk.definitions.dag] loc=dag.py:1563
2026-08-23T02:08:11.262037Z [info     ] [DAG TEST] starting task_id=build_dimensional_model map_index=-1 [airflow.sdk.definitions.dag] loc=dag.py:1501
2026-08-23T02:08:11.262133Z [info     ] [DAG TEST] running task <TaskInstance: albus_hub_data_protection.build_dimensional_model manual__2026-08-23T02:05:29.634216+00:00 [TaskInstanceState.SCHEDULED] ti_id=01a02c5d-a4ed-7fbd-af39-d323532b20a6> [airflow.sdk.definitions.dag] loc=dag.py:1504
2026-08-23T02:08:11.272595Z [info     ] Task started                   [airflow.api_fastapi.execution_api.routes.task_instances] correlation_id=01a02c60-1c02-79c5-b74e-3ebb0e982487 hostname=DESKTOP-GF7Q600.localdomain loc=task_instances.py:231 previous_state=queued ti_id=01a02c5d-a4ed-7fbd-af39-d323532b20a6
2026-08-23T02:08:11.273351Z [info     ] Task instance state updated    [airflow.api_fastapi.execution_api.routes.task_instances] correlation_id=01a02c60-1c02-79c5-b74e-3ebb0e982487 loc=task_instances.py:259 rows_affected=1 ti_id=01a02c5d-a4ed-7fbd-af39-d323532b20a6
2026-08-23T02:08:11.290218Z [info     ] Updating RenderedTaskInstanceFields [airflow.api_fastapi.execution_api.routes.task_instances] correlation_id=01a02c60-1c16-7f88-aea3-f908a6d307aa field_count=3 loc=task_instances.py:1005 ti_id=01a02c5d-a4ed-7fbd-af39-d323532b20a6
Task instance is in running state
 Previous state of the Task instance: TaskInstanceState.QUEUED
Current task name:build_dimensional_model
Dag name:albus_hub_data_protection
2026-08-23T02:08:11.296139Z [info     ] ::endgroup::                   [task] loc=task_runner.py:2107
2026-08-23T02:08:12.240283Z [info     ] Done. Returned value was: {'script': 'scripts/dw/build_dimensional_model.py', 'status': 'success', 'stdout': 'Incidentes lidos: 122,543\n\n=== CONTAGENS ===\nDIM_TEMPO: 1095\nDIM_PRIORIDADE: 5\nDIM_PRODUTO: 52\nDIM_CATEGORIA: 777\nDIM_GRUPO: 17\nDIM_ITEM_CONFIGURACAO: 9172\nFATO_INCIDENTE: 122543\n\n=== FKs NULAS ===\nsk_tempo                0\nsk_prioridade           0\nsk_produto              0\nsk_categoria            0\nsk_grupo                0\nsk_item_configuracao    0\ndtype: int64\n\n=== DUPLICIDADE INCIDENT_ID ===\n0\n\nModelo dimensional gerado em: data/dw'} [airflow.task.operators.airflow.providers.standard.decorators.python._PythonDecoratedOperator] loc=python.py:233
2026-08-23T02:08:12.240478Z [info     ] ::group::Post Execute          [task] loc=task_runner.py:1577
2026-08-23T02:08:12.240607Z [info     ] Pushing xcom                   [task] loc=task_runner.py:2171 ti=RuntimeTaskInstance(id=UUID('01a02c5d-a4ed-7fbd-af39-d323532b20a6'), task_id='build_dimensional_model', dag_id='albus_hub_data_protection', run_id='manual__2026-08-23T02:05:29.634216+00:00', try_number=1, dag_version_id=UUID('01a00b3f-4876-7429-8bbb-3bfe2664838d'), map_index=-1, hostname='DESKTOP-GF7Q600.localdomain', context_carrier=None, queue='default', task=<Task(_PythonDecoratedOperator): build_dimensional_model>, max_tries=1, start_date=datetime.datetime(2026, 8, 23, 2, 8, 11, 266439, tzinfo=datetime.timezone.utc), end_date=None, state=<TaskInstanceState.RUNNING: 'running'>, is_mapped=False, rendered_map_index=None, sentry_integration='')
2026-08-23T02:08:12.283721Z [info     ] Task instance state updated    [airflow.api_fastapi.execution_api.routes.task_instances] correlation_id=01a02c60-1ff5-7541-80ae-cfdf0d6de0f5 loc=task_instances.py:484 new_state=success rows_affected=1 ti_id=01a02c5d-a4ed-7fbd-af39-d323532b20a6
Task instance in success state
 Previous state of the Task instance: TaskInstanceState.RUNNING
Task operator:<Task(_PythonDecoratedOperator): build_dimensional_model>
2026-08-23T02:08:12.288599Z [info     ] ::endgroup::                   [task] loc=task_runner.py:2270
2026-08-23T02:08:12.293030Z [info     ] [DAG TEST] end task task_id=build_dimensional_model map_index=-1 [airflow.sdk.definitions.dag] loc=dag.py:1563
2026-08-23T02:08:12.293152Z [info     ] [DAG TEST] starting task_id=publish_analytics_gold map_index=-1 [airflow.sdk.definitions.dag] loc=dag.py:1501
2026-08-23T02:08:12.293250Z [info     ] [DAG TEST] running task <TaskInstance: albus_hub_data_protection.publish_analytics_gold manual__2026-08-23T02:05:29.634216+00:00 [TaskInstanceState.SCHEDULED] ti_id=01a02c5d-a4eb-7d70-9def-c5f8c5e42578> [airflow.sdk.definitions.dag] loc=dag.py:1504
2026-08-23T02:08:12.303432Z [info     ] Task started                   [airflow.api_fastapi.execution_api.routes.task_instances] correlation_id=01a02c60-2009-7845-be2d-66c7f80af419 hostname=DESKTOP-GF7Q600.localdomain loc=task_instances.py:231 previous_state=queued ti_id=01a02c5d-a4eb-7d70-9def-c5f8c5e42578
2026-08-23T02:08:12.303992Z [info     ] Task instance state updated    [airflow.api_fastapi.execution_api.routes.task_instances] correlation_id=01a02c60-2009-7845-be2d-66c7f80af419 loc=task_instances.py:259 rows_affected=1 ti_id=01a02c5d-a4eb-7d70-9def-c5f8c5e42578
2026-08-23T02:08:12.322234Z [info     ] Updating RenderedTaskInstanceFields [airflow.api_fastapi.execution_api.routes.task_instances] correlation_id=01a02c60-201e-7452-874b-09ba994c81e1 field_count=3 loc=task_instances.py:1005 ti_id=01a02c5d-a4eb-7d70-9def-c5f8c5e42578
Task instance is in running state
 Previous state of the Task instance: TaskInstanceState.QUEUED
Current task name:publish_analytics_gold
Dag name:albus_hub_data_protection
2026-08-23T02:08:12.328692Z [info     ] ::endgroup::                   [task] loc=task_runner.py:2107
2026-08-23T02:08:17.726774Z [info     ] Done. Returned value was: {'script': 'scripts/gold/publish_analytics_gold.py', 'status': 'success', 'stdout': '=== PUBLICAÇÃO GOLD ANALÍTICO ===\nEnviando data/gold/daily_incident_volume.parquet -> gold/analytics/daily_incident_volume.parquet\nEnviando data/gold/daily_incident_breakdown.parquet -> gold/analytics/daily_incident_breakdown.parquet\n\nANALYTICS_GOLD_PUBLISH=SUCCESS'} [airflow.task.operators.airflow.providers.standard.decorators.python._PythonDecoratedOperator] loc=python.py:233
2026-08-23T02:08:17.727042Z [info     ] ::group::Post Execute          [task] loc=task_runner.py:1577
2026-08-23T02:08:17.727210Z [info     ] Pushing xcom                   [task] loc=task_runner.py:2171 ti=RuntimeTaskInstance(id=UUID('01a02c5d-a4eb-7d70-9def-c5f8c5e42578'), task_id='publish_analytics_gold', dag_id='albus_hub_data_protection', run_id='manual__2026-08-23T02:05:29.634216+00:00', try_number=1, dag_version_id=UUID('01a00b3f-4876-7429-8bbb-3bfe2664838d'), map_index=-1, hostname='DESKTOP-GF7Q600.localdomain', context_carrier=None, queue='default', task=<Task(_PythonDecoratedOperator): publish_analytics_gold>, max_tries=1, start_date=datetime.datetime(2026, 8, 23, 2, 8, 12, 297247, tzinfo=datetime.timezone.utc), end_date=None, state=<TaskInstanceState.RUNNING: 'running'>, is_mapped=False, rendered_map_index=None, sentry_integration='')
2026-08-23T02:08:17.770372Z [info     ] Task instance state updated    [airflow.api_fastapi.execution_api.routes.task_instances] correlation_id=01a02c60-3564-7aa0-88e0-fb0f6da3f5dd loc=task_instances.py:484 new_state=success rows_affected=1 ti_id=01a02c5d-a4eb-7d70-9def-c5f8c5e42578
Task instance in success state
 Previous state of the Task instance: TaskInstanceState.RUNNING
Task operator:<Task(_PythonDecoratedOperator): publish_analytics_gold>
2026-08-23T02:08:17.775076Z [info     ] ::endgroup::                   [task] loc=task_runner.py:2270
2026-08-23T02:08:17.779978Z [info     ] [DAG TEST] end task task_id=publish_analytics_gold map_index=-1 [airflow.sdk.definitions.dag] loc=dag.py:1563
2026-08-23T02:08:17.786709Z [info     ] [DAG TEST] starting task_id=refresh_dashboard_serving map_index=-1 [airflow.sdk.definitions.dag] loc=dag.py:1501
2026-08-23T02:08:17.786806Z [info     ] [DAG TEST] running task <TaskInstance: albus_hub_data_protection.refresh_dashboard_serving manual__2026-08-23T02:05:29.634216+00:00 [TaskInstanceState.SCHEDULED] ti_id=01a02c5d-a4ec-7244-9885-64a0684d484a> [airflow.sdk.definitions.dag] loc=dag.py:1504
2026-08-23T02:08:17.795757Z [info     ] Task started                   [airflow.api_fastapi.execution_api.routes.task_instances] correlation_id=01a02c60-357e-7652-9a99-2353350672fe hostname=DESKTOP-GF7Q600.localdomain loc=task_instances.py:231 previous_state=queued ti_id=01a02c5d-a4ec-7244-9885-64a0684d484a
2026-08-23T02:08:17.796648Z [info     ] Task instance state updated    [airflow.api_fastapi.execution_api.routes.task_instances] correlation_id=01a02c60-357e-7652-9a99-2353350672fe loc=task_instances.py:259 rows_affected=1 ti_id=01a02c5d-a4ec-7244-9885-64a0684d484a
2026-08-23T02:08:17.814151Z [info     ] Updating RenderedTaskInstanceFields [airflow.api_fastapi.execution_api.routes.task_instances] correlation_id=01a02c60-3592-78f7-a770-d0118415bc9c field_count=3 loc=task_instances.py:1005 ti_id=01a02c5d-a4ec-7244-9885-64a0684d484a
Task instance is in running state
 Previous state of the Task instance: TaskInstanceState.QUEUED
Current task name:refresh_dashboard_serving
Dag name:albus_hub_data_protection
2026-08-23T02:08:17.820409Z [info     ] ::endgroup::                   [task] loc=task_runner.py:2107
2026-08-23T02:08:38.957402Z [info     ] Done. Returned value was: {'script': 'scripts/serving/refresh_dashboard_serving.py', 'status': 'success', 'stdout': '=== REFRESH DASHBOARD SERVING ===\nBaixando Gold analítico do ADLS...\nVolume: 3285 linhas\nBreakdown: 130449 linhas\n\nAtualizando app_daily_incident_volume...\nAtualizando app_daily_incident_breakdown...\n\nDASHBOARD_SERVING_REFRESH=SUCCESS'} [airflow.task.operators.airflow.providers.standard.decorators.python._PythonDecoratedOperator] loc=python.py:233
2026-08-23T02:08:38.957570Z [info     ] ::group::Post Execute          [task] loc=task_runner.py:1577
2026-08-23T02:08:38.957697Z [info     ] Pushing xcom                   [task] loc=task_runner.py:2171 ti=RuntimeTaskInstance(id=UUID('01a02c5d-a4ec-7244-9885-64a0684d484a'), task_id='refresh_dashboard_serving', dag_id='albus_hub_data_protection', run_id='manual__2026-08-23T02:05:29.634216+00:00', try_number=1, dag_version_id=UUID('01a00b3f-4876-7429-8bbb-3bfe2664838d'), map_index=-1, hostname='DESKTOP-GF7Q600.localdomain', context_carrier=None, queue='default', task=<Task(_PythonDecoratedOperator): refresh_dashboard_serving>, max_tries=1, start_date=datetime.datetime(2026, 8, 23, 2, 8, 17, 789782, tzinfo=datetime.timezone.utc), end_date=None, state=<TaskInstanceState.RUNNING: 'running'>, is_mapped=False, rendered_map_index=None, sentry_integration='')
2026-08-23T02:08:39.000666Z [info     ] Task instance state updated    [airflow.api_fastapi.execution_api.routes.task_instances] correlation_id=01a02c60-8852-741a-a7a4-556cfc0c567e loc=task_instances.py:484 new_state=success rows_affected=1 ti_id=01a02c5d-a4ec-7244-9885-64a0684d484a
Task instance in success state
 Previous state of the Task instance: TaskInstanceState.RUNNING
Task operator:<Task(_PythonDecoratedOperator): refresh_dashboard_serving>
2026-08-23T02:08:39.004805Z [info     ] ::endgroup::                   [task] loc=task_runner.py:2270
2026-08-23T02:08:39.009317Z [info     ] [DAG TEST] end task task_id=refresh_dashboard_serving map_index=-1 [airflow.sdk.definitions.dag] loc=dag.py:1563
2026-08-23T02:08:39.009424Z [info     ] [DAG TEST] starting task_id=publish_dimensional_model map_index=-1 [airflow.sdk.definitions.dag] loc=dag.py:1501
2026-08-23T02:08:39.009504Z [info     ] [DAG TEST] running task <TaskInstance: albus_hub_data_protection.publish_dimensional_model manual__2026-08-23T02:05:29.634216+00:00 [TaskInstanceState.SCHEDULED] ti_id=01a02c5d-a4ee-7065-a432-abf19d688f97> [airflow.sdk.definitions.dag] loc=dag.py:1504
2026-08-23T02:08:39.019546Z [info     ] Task started                   [airflow.api_fastapi.execution_api.routes.task_instances] correlation_id=01a02c60-8865-752b-8462-c9fde7d39c13 hostname=DESKTOP-GF7Q600.localdomain loc=task_instances.py:231 previous_state=queued ti_id=01a02c5d-a4ee-7065-a432-abf19d688f97
2026-08-23T02:08:39.020205Z [info     ] Task instance state updated    [airflow.api_fastapi.execution_api.routes.task_instances] correlation_id=01a02c60-8865-752b-8462-c9fde7d39c13 loc=task_instances.py:259 rows_affected=1 ti_id=01a02c5d-a4ee-7065-a432-abf19d688f97
2026-08-23T02:08:39.036250Z [info     ] Updating RenderedTaskInstanceFields [airflow.api_fastapi.execution_api.routes.task_instances] correlation_id=01a02c60-8878-7795-844f-b31404e5adad field_count=3 loc=task_instances.py:1005 ti_id=01a02c5d-a4ee-7065-a432-abf19d688f97
Task instance is in running state
 Previous state of the Task instance: TaskInstanceState.QUEUED
Current task name:publish_dimensional_model
Dag name:albus_hub_data_protection
2026-08-23T02:08:39.042121Z [info     ] ::endgroup::                   [task] loc=task_runner.py:2107
2026-08-23T02:08:56.621561Z [info     ] Done. Returned value was: {'script': 'scripts/dw/publish_dimensional_model.py', 'status': 'success', 'stdout': '=== PUBLICAÇÃO DO DW NO ADLS ===\nEnviando data/dw/dim_tempo.parquet -> gold/dw/dim_tempo.parquet\nEnviando data/dw/dim_prioridade.parquet -> gold/dw/dim_prioridade.parquet\nEnviando data/dw/dim_produto.parquet -> gold/dw/dim_produto.parquet\nEnviando data/dw/dim_categoria.parquet -> gold/dw/dim_categoria.parquet\nEnviando data/dw/dim_grupo.parquet -> gold/dw/dim_grupo.parquet\nEnviando data/dw/dim_item_configuracao.parquet -> gold/dw/dim_item_configuracao.parquet\nEnviando data/dw/fato_incidente.parquet -> gold/dw/fato_incidente.parquet\n\nDW_ADLS_PUBLISH=SUCCESS'} [airflow.task.operators.airflow.providers.standard.decorators.python._PythonDecoratedOperator] loc=python.py:233
2026-08-23T02:08:56.621717Z [info     ] ::group::Post Execute          [task] loc=task_runner.py:1577
2026-08-23T02:08:56.621831Z [info     ] Pushing xcom                   [task] loc=task_runner.py:2171 ti=RuntimeTaskInstance(id=UUID('01a02c5d-a4ee-7065-a432-abf19d688f97'), task_id='publish_dimensional_model', dag_id='albus_hub_data_protection', run_id='manual__2026-08-23T02:05:29.634216+00:00', try_number=1, dag_version_id=UUID('01a00b3f-4876-7429-8bbb-3bfe2664838d'), map_index=-1, hostname='DESKTOP-GF7Q600.localdomain', context_carrier=None, queue='default', task=<Task(_PythonDecoratedOperator): publish_dimensional_model>, max_tries=1, start_date=datetime.datetime(2026, 8, 23, 2, 8, 39, 13782, tzinfo=datetime.timezone.utc), end_date=None, state=<TaskInstanceState.RUNNING: 'running'>, is_mapped=False, rendered_map_index=None, sentry_integration='')
2026-08-23T02:08:56.664376Z [info     ] Task instance state updated    [airflow.api_fastapi.execution_api.routes.task_instances] correlation_id=01a02c60-cd52-7568-b20b-a0f96f29d83f loc=task_instances.py:484 new_state=success rows_affected=1 ti_id=01a02c5d-a4ee-7065-a432-abf19d688f97
Task instance in success state
 Previous state of the Task instance: TaskInstanceState.RUNNING
Task operator:<Task(_PythonDecoratedOperator): publish_dimensional_model>
2026-08-23T02:08:56.668802Z [info     ] ::endgroup::                   [task] loc=task_runner.py:2270
2026-08-23T02:08:56.673407Z [info     ] [DAG TEST] end task task_id=publish_dimensional_model map_index=-1 [airflow.sdk.definitions.dag] loc=dag.py:1563
2026-08-23T02:08:56.679683Z [info     ] [DAG TEST] starting task_id=refresh_dimensional_dw map_index=-1 [airflow.sdk.definitions.dag] loc=dag.py:1501
2026-08-23T02:08:56.679771Z [info     ] [DAG TEST] running task <TaskInstance: albus_hub_data_protection.refresh_dimensional_dw manual__2026-08-23T02:05:29.634216+00:00 [TaskInstanceState.SCHEDULED] ti_id=01a02c5d-a4ef-74b2-b160-bdd9081ceaeb> [airflow.sdk.definitions.dag] loc=dag.py:1504
2026-08-23T02:08:56.688381Z [info     ] Task started                   [airflow.api_fastapi.execution_api.routes.task_instances] correlation_id=01a02c60-cd6a-7451-95ff-8b16786e4c52 hostname=DESKTOP-GF7Q600.localdomain loc=task_instances.py:231 previous_state=queued ti_id=01a02c5d-a4ef-74b2-b160-bdd9081ceaeb
2026-08-23T02:08:56.688931Z [info     ] Task instance state updated    [airflow.api_fastapi.execution_api.routes.task_instances] correlation_id=01a02c60-cd6a-7451-95ff-8b16786e4c52 loc=task_instances.py:259 rows_affected=1 ti_id=01a02c5d-a4ef-74b2-b160-bdd9081ceaeb
2026-08-23T02:08:56.705556Z [info     ] Updating RenderedTaskInstanceFields [airflow.api_fastapi.execution_api.routes.task_instances] correlation_id=01a02c60-cd7e-7bd2-9b3c-0dbabfcec325 field_count=3 loc=task_instances.py:1005 ti_id=01a02c5d-a4ef-74b2-b160-bdd9081ceaeb
Task instance is in running state
 Previous state of the Task instance: TaskInstanceState.QUEUED
Current task name:refresh_dimensional_dw
Dag name:albus_hub_data_protection
2026-08-23T02:08:56.711446Z [info     ] ::endgroup::                   [task] loc=task_runner.py:2107
2026-08-23T02:10:36.806283Z [info     ] Done. Returned value was: {'script': 'scripts/dw/refresh_dimensional_dw.py', 'status': 'success', 'stdout': '=== REFRESH DIMENSIONAL DW ===\n\nContagens esperadas:\ndim_tempo: 1095\ndim_prioridade: 5\ndim_produto: 52\ndim_categoria: 777\ndim_grupo: 17\ndim_item_configuracao: 9172\nfato_incidente: 122543\n\nLimpando DW atual no MySQL...\nRemovendo registros da FATO...\nRemovendo registros de dim_tempo...\nRemovendo registros de dim_prioridade...\nRemovendo registros de dim_produto...\nRemovendo registros de dim_categoria...\nRemovendo registros de dim_grupo...\nRemovendo registros de dim_item_configuracao...\n\nDisparando pipeline ADF...\nADF_RUN_ID=a4520080-9e97-11f1-8b8b-af59706c98a7\nADF_STATUS=Queued\nADF_STATUS=InProgress\nADF_STATUS=InProgress\nADF_STATUS=InProgress\nADF_STATUS=Succeeded\n\n=== VALIDAÇÃO DE CONTAGENS ===\ndim_tempo: esperado=1095 mysql=1095\ndim_prioridade: esperado=5 mysql=5\ndim_produto: esperado=52 mysql=52\ndim_categoria: esperado=777 mysql=777\ndim_grupo: esperado=17 mysql=17\ndim_item_configuracao: esperado=9172 mysql=9172\nfato_incidente: esperado=122543 mysql=122543\n\n=== VALIDAÇÃO DE FKs ===\ntempo: orfãos=0\nprioridade: orfãos=0\nproduto: orfãos=0\ncategoria: orfãos=0\ngrupo: orfãos=0\nitem_configuracao: orfãos=0\n\nDW_REFRESH=SUCCESS'} [airflow.task.operators.airflow.providers.standard.decorators.python._PythonDecoratedOperator] loc=python.py:233
2026-08-23T02:10:36.806576Z [info     ] ::group::Post Execute          [task] loc=task_runner.py:1577
2026-08-23T02:10:36.806714Z [info     ] Pushing xcom                   [task] loc=task_runner.py:2171 ti=RuntimeTaskInstance(id=UUID('01a02c5d-a4ef-74b2-b160-bdd9081ceaeb'), task_id='refresh_dimensional_dw', dag_id='albus_hub_data_protection', run_id='manual__2026-08-23T02:05:29.634216+00:00', try_number=1, dag_version_id=UUID('01a00b3f-4876-7429-8bbb-3bfe2664838d'), map_index=-1, hostname='DESKTOP-GF7Q600.localdomain', context_carrier=None, queue='default', task=<Task(_PythonDecoratedOperator): refresh_dimensional_dw>, max_tries=0, start_date=datetime.datetime(2026, 8, 23, 2, 8, 56, 682653, tzinfo=datetime.timezone.utc), end_date=None, state=<TaskInstanceState.RUNNING: 'running'>, is_mapped=False, rendered_map_index=None, sentry_integration='')
2026-08-23T02:10:36.856201Z [info     ] Task instance state updated    [airflow.api_fastapi.execution_api.routes.task_instances] correlation_id=01a02c62-54b1-7500-a71f-8791542a4146 loc=task_instances.py:484 new_state=success rows_affected=1 ti_id=01a02c5d-a4ef-74b2-b160-bdd9081ceaeb
Task instance in success state
 Previous state of the Task instance: TaskInstanceState.RUNNING
Task operator:<Task(_PythonDecoratedOperator): refresh_dimensional_dw>
2026-08-23T02:10:36.861001Z [info     ] ::endgroup::                   [task] loc=task_runner.py:2270
2026-08-23T02:10:36.865904Z [info     ] [DAG TEST] end task task_id=refresh_dimensional_dw map_index=-1 [airflow.sdk.definitions.dag] loc=dag.py:1563
2026-08-23T02:10:36.871647Z [info     ] [DAG TEST] starting task_id=pipeline_complete map_index=-1 [airflow.sdk.definitions.dag] loc=dag.py:1501
2026-08-23T02:10:36.871736Z [info     ] [DAG TEST] running task <TaskInstance: albus_hub_data_protection.pipeline_complete manual__2026-08-23T02:05:29.634216+00:00 [TaskInstanceState.SCHEDULED] ti_id=01a02c5d-a4f1-72a7-8a2b-4b892b328b90> [airflow.sdk.definitions.dag] loc=dag.py:1504
2026-08-23T02:10:36.881334Z [info     ] Task started                   [airflow.api_fastapi.execution_api.routes.task_instances] correlation_id=01a02c62-54cb-702b-971b-149f2c5ac226 hostname=DESKTOP-GF7Q600.localdomain loc=task_instances.py:231 previous_state=queued ti_id=01a02c5d-a4f1-72a7-8a2b-4b892b328b90
2026-08-23T02:10:36.881950Z [info     ] Task instance state updated    [airflow.api_fastapi.execution_api.routes.task_instances] correlation_id=01a02c62-54cb-702b-971b-149f2c5ac226 loc=task_instances.py:259 rows_affected=1 ti_id=01a02c5d-a4f1-72a7-8a2b-4b892b328b90
2026-08-23T02:10:36.909737Z [info     ] Updating RenderedTaskInstanceFields [airflow.api_fastapi.execution_api.routes.task_instances] correlation_id=01a02c62-54ea-7448-a5aa-eeb218461688 field_count=3 loc=task_instances.py:1005 ti_id=01a02c5d-a4f1-72a7-8a2b-4b892b328b90
Task instance is in running state
 Previous state of the Task instance: TaskInstanceState.QUEUED
Current task name:pipeline_complete
Dag name:albus_hub_data_protection
2026-08-23T02:10:36.916419Z [info     ] ::endgroup::                   [task] loc=task_runner.py:2107
Pipeline diário Albus-Hub concluído com sucesso.
2026-08-23T02:10:36.916747Z [info     ] Done. Returned value was: None [airflow.task.operators.airflow.providers.standard.decorators.python._PythonDecoratedOperator] loc=python.py:233
2026-08-23T02:10:36.916848Z [info     ] ::group::Post Execute          [task] loc=task_runner.py:1577
2026-08-23T02:10:36.923424Z [info     ] Task instance state updated    [airflow.api_fastapi.execution_api.routes.task_instances] correlation_id=01a02c62-54f5-70d7-a007-8eb642439c82 loc=task_instances.py:484 new_state=success rows_affected=1 ti_id=01a02c5d-a4f1-72a7-8a2b-4b892b328b90
Task instance in success state
 Previous state of the Task instance: TaskInstanceState.RUNNING
Task operator:<Task(_PythonDecoratedOperator): pipeline_complete>
2026-08-23T02:10:36.927945Z [info     ] ::endgroup::                   [task] loc=task_runner.py:2270
2026-08-23T02:10:36.932512Z [info     ] [DAG TEST] end task task_id=pipeline_complete map_index=-1 [airflow.sdk.definitions.dag] loc=dag.py:1563
2026-08-23T02:10:36.934098Z [info     ] Marking run <DagRun albus_hub_data_protection @ 2026-08-23 02:10:00+00:00: manual__2026-08-23T02:05:29.634216+00:00, state:running, queued_at: None. run_type: manual> successful [airflow.models.dagrun.DagRun] loc=dagrun.py:1249
Dag run in success state
Dag run start:2026-08-23 02:10:00+00:00 end:2026-08-23 02:10:36.934189+00:00
2026-08-23T02:10:36.934656Z [info     ] DagRun Finished: dag_id=albus_hub_data_protection, logical_date=2026-08-23 02:10:00+00:00, run_id=manual__2026-08-23T02:05:29.634216+00:00, run_start_date=2026-08-23 02:10:00+00:00, run_end_date=2026-08-23 02:10:36.934189+00:00, run_duration=36.934189, state=success, run_type=manual, data_interval_start=2026-08-23 02:10:00+00:00, data_interval_end=2026-08-23 02:10:00+00:00, [airflow.models.dagrun.DagRun] loc=dagrun.py:1315
